> pkg@6.21.0
> Fetching base Node.js binaries to PKG_CACHE_PATH

> [31mError![39m 404: Not Found
> Not found in remote cache:
  {"tag":"v3.6","name":"node-v20.20.2-win-x64"}
> Building base binary from source:
  built-v20.20.2-win-x64
> Fetching Node.js source archive from nodejs.org...



> Extracting Node.js source archive...
> Applying patches
patching file common.gypi
patching file deps/ngtcp2/nghttp3/lib/nghttp3_ringbuf.c
patching file deps/ngtcp2/ngtcp2/lib/ngtcp2_ringbuf.c
patching file deps/v8/include/v8-initialization.h
patching file deps/v8/src/api/api.cc
patching file deps/v8/src/codegen/compiler.cc
patching file deps/v8/src/objects/js-function.cc
patching file deps/v8/src/objects/shared-function-info-inl.h
patching file deps/v8/src/parsing/parsing.cc
patching file deps/v8/src/snapshot/code-serializer.cc
patching file lib/child_process.js
patching file lib/internal/bootstrap/pkg.js
patching file lib/internal/modules/cjs/loader.js
patching file lib/internal/modules/package_json_reader.js
patching file lib/internal/process/pre_execution.js
patching file lib/vm.js
patching file src/inspector_agent.cc
patching file src/node.cc
patching file src/node_contextify.cc
patching file src/node_main.cc
patching file src/node_options.cc
patching file tools/icu/icu-generic.gyp
> Compiling Node.js from sources...
'vcbuild.bat' is not recognized as an internal or external command,
operable program or batch file.
> [31mError![39m Error: ENOENT: no such file or directory, open 'C:\Users\edg03\AppData\Local\Temp\pkg.cb176b125363147456a877f0\node\out\Release\node.exe'
